// Vitest Snapshot v1, https://vitest.dev/guide/snapshot.html

exports[`Footer (presentational) > renders without crashing and matches snapshot 1`] = `
<div>
  <style
    data-mantine-styles="true"
  >
    :root{--mantine-font-family: DM Sans, sans-serif;--mantine-font-family-headings: Libre Franklin, serif;--mantine-primary-color-filled: var(--mantine-color-primary-filled);--mantine-primary-color-filled-hover: var(--mantine-color-primary-filled-hover);--mantine-primary-color-light: var(--mantine-color-primary-light);--mantine-primary-color-light-hover: var(--mantine-color-primary-light-hover);--mantine-primary-color-light-color: var(--mantine-color-primary-light-color);--mantine-primary-color-0: var(--mantine-color-primary-0);--mantine-primary-color-1: var(--mantine-color-primary-1);--mantine-primary-color-2: var(--mantine-color-primary-2);--mantine-primary-color-3: var(--mantine-color-primary-3);--mantine-primary-color-4: var(--mantine-color-primary-4);--mantine-primary-color-5: var(--mantine-color-primary-5);--mantine-primary-color-6: var(--mantine-color-primary-6);--mantine-primary-color-7: var(--mantine-color-primary-7);--mantine-primary-color-8: var(--mantine-color-primary-8);--mantine-primary-color-9: var(--mantine-color-primary-9);--mantine-color-primary-0: #F5F6F9;--mantine-color-primary-1: #E8EAF1;--mantine-color-primary-2: #BAC2D6;--mantine-color-primary-3: #99A4C1;--mantine-color-primary-4: #808AB1;--mantine-color-primary-5: #6E74A2;--mantine-color-primary-6: #626693;--mantine-color-primary-7: #545579;--mantine-color-primary-8: #43455E;--mantine-color-primary-9: #2E2E3D;--mantine-color-secondary-0: #F8F6F4;--mantine-color-secondary-1: #DCD6CC;--mantine-color-secondary-2: #C8BEB0;--mantine-color-secondary-3: #AD9D8A;--mantine-color-secondary-4: #9C8773;--mantine-color-secondary-5: #8F7867;--mantine-color-secondary-6: #786256;--mantine-color-secondary-7: #635249;--mantine-color-secondary-8: #51433D;--mantine-color-secondary-9: #2B231F;}:root[data-mantine-color-scheme="dark"]{--mantine-color-anchor: var(--mantine-color-primary-4);--mantine-color-primary-text: var(--mantine-color-primary-4);--mantine-color-primary-filled: var(--mantine-color-primary-8);--mantine-color-primary-filled-hover: var(--mantine-color-primary-9);--mantine-color-primary-light: rgba(98, 102, 147, 0.15);--mantine-color-primary-light-hover: rgba(98, 102, 147, 0.2);--mantine-color-primary-light-color: var(--mantine-color-primary-3);--mantine-color-primary-outline: var(--mantine-color-primary-4);--mantine-color-primary-outline-hover: rgba(128, 138, 177, 0.05);--mantine-color-secondary-text: var(--mantine-color-secondary-4);--mantine-color-secondary-filled: var(--mantine-color-secondary-8);--mantine-color-secondary-filled-hover: var(--mantine-color-secondary-9);--mantine-color-secondary-light: rgba(120, 98, 86, 0.15);--mantine-color-secondary-light-hover: rgba(120, 98, 86, 0.2);--mantine-color-secondary-light-color: var(--mantine-color-secondary-3);--mantine-color-secondary-outline: var(--mantine-color-secondary-4);--mantine-color-secondary-outline-hover: rgba(156, 135, 115, 0.05);}:root[data-mantine-color-scheme="light"]{--mantine-color-anchor: var(--mantine-color-primary-6);--mantine-color-primary-text: var(--mantine-color-primary-filled);--mantine-color-primary-filled: var(--mantine-color-primary-6);--mantine-color-primary-filled-hover: var(--mantine-color-primary-7);--mantine-color-primary-light: rgba(98, 102, 147, 0.1);--mantine-color-primary-light-hover: rgba(98, 102, 147, 0.12);--mantine-color-primary-light-color: var(--mantine-color-primary-6);--mantine-color-primary-outline: var(--mantine-color-primary-6);--mantine-color-primary-outline-hover: rgba(98, 102, 147, 0.05);--mantine-color-secondary-text: var(--mantine-color-secondary-filled);--mantine-color-secondary-filled: var(--mantine-color-secondary-6);--mantine-color-secondary-filled-hover: var(--mantine-color-secondary-7);--mantine-color-secondary-light: rgba(120, 98, 86, 0.1);--mantine-color-secondary-light-hover: rgba(120, 98, 86, 0.12);--mantine-color-secondary-light-color: var(--mantine-color-secondary-6);--mantine-color-secondary-outline: var(--mantine-color-secondary-6);--mantine-color-secondary-outline-hover: rgba(120, 98, 86, 0.05);}
  </style>
  <style
    data-mantine-styles="classes"
  >
    @media (max-width: 35.99375em) {.mantine-visible-from-xs {display: none !important;}}@media (min-width: 36em) {.mantine-hidden-from-xs {display: none !important;}}@media (max-width: 47.99375em) {.mantine-visible-from-sm {display: none !important;}}@media (min-width: 48em) {.mantine-hidden-from-sm {display: none !important;}}@media (max-width: 61.99375em) {.mantine-visible-from-md {display: none !important;}}@media (min-width: 62em) {.mantine-hidden-from-md {display: none !important;}}@media (max-width: 74.99375em) {.mantine-visible-from-lg {display: none !important;}}@media (min-width: 75em) {.mantine-hidden-from-lg {display: none !important;}}@media (max-width: 87.99375em) {.mantine-visible-from-xl {display: none !important;}}@media (min-width: 88em) {.mantine-hidden-from-xl {display: none !important;}}
  </style>
  <div
    class="_footer_acfd2c"
  >
    <div
      class="_logo-container_acfd2c m_6d731127 mantine-Stack-root"
      style="--stack-gap: calc(1.25rem * var(--mantine-scale)); --stack-align: stretch; --stack-justify: flex-start;"
    >
      <a
        class="mantine-focus-auto m_b6d8b162 mantine-Text-root"
        role="link"
        style="cursor: pointer; color: var(--mantine-color-gray-1); font-family: "Cormorant Garamond", serif; font-size: 2rem; font-weight: 500;"
      >
        Wayfare
      </a>
      <p
        class="_copyright_acfd2c"
      >
        Â© 2025 Wayfare. All rights reserved.
      </p>
    </div>
    <div
      class="_details-container_acfd2c m_6d731127 mantine-Stack-root"
      style="--stack-gap: calc(1rem * var(--mantine-scale)); --stack-align: stretch; --stack-justify: flex-start;"
    >
      <h3
        class="_section-title_acfd2c"
      >
        Contact Us
      </h3>
      <div
        class="_line_acfd2c"
      />
      <div
        class="_contact-info_acfd2c"
      >
        <p>
          <svg
            class="tabler-icon tabler-icon-mail "
            fill="none"
            height="18"
            stroke="currentColor"
            stroke-linecap="round"
            stroke-linejoin="round"
            stroke-width="2"
            viewBox="0 0 24 24"
            width="18"
            xmlns="http://www.w3.org/2000/svg"
          >
            <path
              d="M3 7a2 2 0 0 1 2 -2h14a2 2 0 0 1 2 2v10a2 2 0 0 1 -2 2h-14a2 2 0 0 1 -2 -2v-10z"
            />
            <path
              d="M3 7l9 6l9 -6"
            />
          </svg>
           contact@wayfare.com
        </p>
        <p>
          <svg
            class="tabler-icon tabler-icon-phone "
            fill="none"
            height="18"
            stroke="currentColor"
            stroke-linecap="round"
            stroke-linejoin="round"
            stroke-width="2"
            viewBox="0 0 24 24"
            width="18"
            xmlns="http://www.w3.org/2000/svg"
          >
            <path
              d="M5 4h4l2 5l-2.5 1.5a11 11 0 0 0 5 5l1.5 -2.5l5 2v4a2 2 0 0 1 -2 2a16 16 0 0 1 -15 -15a2 2 0 0 1 2 -2"
            />
          </svg>
           +65 6789 1234
        </p>
      </div>
      <div
        class="_social-icons_acfd2c"
      >
        <div
          class="_social-icon_acfd2c"
        >
          <svg
            class="tabler-icon tabler-icon-brand-facebook "
            fill="none"
            height="18"
            stroke="currentColor"
            stroke-linecap="round"
            stroke-linejoin="round"
            stroke-width="2"
            viewBox="0 0 24 24"
            width="18"
            xmlns="http://www.w3.org/2000/svg"
          >
            <path
              d="M7 10v4h3v7h4v-7h3l1 -4h-4v-2a1 1 0 0 1 1 -1h3v-4h-3a5 5 0 0 0 -5 5v2h-3"
            />
          </svg>
        </div>
        <div
          class="_social-icon_acfd2c"
        >
          <svg
            class="tabler-icon tabler-icon-brand-tiktok "
            fill="none"
            height="18"
            stroke="currentColor"
            stroke-linecap="round"
            stroke-linejoin="round"
            stroke-width="2"
            viewBox="0 0 24 24"
            width="18"
            xmlns="http://www.w3.org/2000/svg"
          >
            <path
              d="M21 7.917v4.034a9.948 9.948 0 0 1 -5 -1.951v4.5a6.5 6.5 0 1 1 -8 -6.326v4.326a2.5 2.5 0 1 0 4 2v-11.5h4.083a6.005 6.005 0 0 0 4.917 4.917z"
            />
          </svg>
        </div>
        <div
          class="_social-icon_acfd2c"
        >
          <svg
            class="tabler-icon tabler-icon-brand-x "
            fill="none"
            height="18"
            stroke="currentColor"
            stroke-linecap="round"
            stroke-linejoin="round"
            stroke-width="2"
            viewBox="0 0 24 24"
            width="18"
            xmlns="http://www.w3.org/2000/svg"
          >
            <path
              d="M4 4l11.733 16h4.267l-11.733 -16z"
            />
            <path
              d="M4 20l6.768 -6.768m2.46 -2.46l6.772 -6.772"
            />
          </svg>
        </div>
        <div
          class="_social-icon_acfd2c"
        >
          <svg
            class="tabler-icon tabler-icon-brand-instagram "
            fill="none"
            height="18"
            stroke="currentColor"
            stroke-linecap="round"
            stroke-linejoin="round"
            stroke-width="2"
            viewBox="0 0 24 24"
            width="18"
            xmlns="http://www.w3.org/2000/svg"
          >
            <path
              d="M4 8a4 4 0 0 1 4 -4h8a4 4 0 0 1 4 4v8a4 4 0 0 1 -4 4h-8a4 4 0 0 1 -4 -4z"
            />
            <path
              d="M9 12a3 3 0 1 0 6 0a3 3 0 0 0 -6 0"
            />
            <path
              d="M16.5 7.5v.01"
            />
          </svg>
        </div>
      </div>
    </div>
    <div
      class="_details-container_acfd2c m_6d731127 mantine-Stack-root"
      style="--stack-gap: calc(1rem * var(--mantine-scale)); --stack-align: stretch; --stack-justify: flex-start;"
    >
      <h3
        class="_section-title_acfd2c"
      >
        Navigation
      </h3>
      <div
        class="_line_acfd2c"
      />
      <div
        class="_nav-links_acfd2c"
      >
        <p>
          About Us
        </p>
        <p>
          Hotels
        </p>
        <p>
          FAQs
        </p>
        <p>
          My Bookings
        </p>
      </div>
    </div>
    <div
      class="_details-container_acfd2c m_6d731127 mantine-Stack-root"
      style="--stack-gap: calc(1rem * var(--mantine-scale)); --stack-align: stretch; --stack-justify: flex-start;"
    >
      <h3
        class="_section-title_acfd2c"
      >
        Legal
      </h3>
      <div
        class="_line_acfd2c"
      />
      <div
        class="_legal-links_acfd2c"
      >
        <p>
          Terms of Service
        </p>
        <p>
          Privacy Policy
        </p>
        <p>
          Cookie Policy
        </p>
      </div>
    </div>
  </div>
</div>
`;
