// Vitest Snapshot v1, https://vitest.dev/guide/snapshot.html

exports[`IconButton > renders without crashing and matches snapshot 1`] = `
<div>
  <style
    data-mantine-styles="true"
  >
    :root{--mantine-font-family: DM Sans, sans-serif;--mantine-font-family-headings: Libre Franklin, serif;--mantine-primary-color-filled: var(--mantine-color-primary-filled);--mantine-primary-color-filled-hover: var(--mantine-color-primary-filled-hover);--mantine-primary-color-light: var(--mantine-color-primary-light);--mantine-primary-color-light-hover: var(--mantine-color-primary-light-hover);--mantine-primary-color-light-color: var(--mantine-color-primary-light-color);--mantine-primary-color-0: var(--mantine-color-primary-0);--mantine-primary-color-1: var(--mantine-color-primary-1);--mantine-primary-color-2: var(--mantine-color-primary-2);--mantine-primary-color-3: var(--mantine-color-primary-3);--mantine-primary-color-4: var(--mantine-color-primary-4);--mantine-primary-color-5: var(--mantine-color-primary-5);--mantine-primary-color-6: var(--mantine-color-primary-6);--mantine-primary-color-7: var(--mantine-color-primary-7);--mantine-primary-color-8: var(--mantine-color-primary-8);--mantine-primary-color-9: var(--mantine-color-primary-9);--mantine-color-primary-0: #F5F6F9;--mantine-color-primary-1: #E8EAF1;--mantine-color-primary-2: #BAC2D6;--mantine-color-primary-3: #99A4C1;--mantine-color-primary-4: #808AB1;--mantine-color-primary-5: #6E74A2;--mantine-color-primary-6: #626693;--mantine-color-primary-7: #545579;--mantine-color-primary-8: #43455E;--mantine-color-primary-9: #2E2E3D;--mantine-color-secondary-0: #F8F6F4;--mantine-color-secondary-1: #DCD6CC;--mantine-color-secondary-2: #C8BEB0;--mantine-color-secondary-3: #AD9D8A;--mantine-color-secondary-4: #9C8773;--mantine-color-secondary-5: #8F7867;--mantine-color-secondary-6: #786256;--mantine-color-secondary-7: #635249;--mantine-color-secondary-8: #51433D;--mantine-color-secondary-9: #2B231F;}:root[data-mantine-color-scheme="dark"]{--mantine-color-anchor: var(--mantine-color-primary-4);--mantine-color-primary-text: var(--mantine-color-primary-4);--mantine-color-primary-filled: var(--mantine-color-primary-8);--mantine-color-primary-filled-hover: var(--mantine-color-primary-9);--mantine-color-primary-light: rgba(98, 102, 147, 0.15);--mantine-color-primary-light-hover: rgba(98, 102, 147, 0.2);--mantine-color-primary-light-color: var(--mantine-color-primary-3);--mantine-color-primary-outline: var(--mantine-color-primary-4);--mantine-color-primary-outline-hover: rgba(128, 138, 177, 0.05);--mantine-color-secondary-text: var(--mantine-color-secondary-4);--mantine-color-secondary-filled: var(--mantine-color-secondary-8);--mantine-color-secondary-filled-hover: var(--mantine-color-secondary-9);--mantine-color-secondary-light: rgba(120, 98, 86, 0.15);--mantine-color-secondary-light-hover: rgba(120, 98, 86, 0.2);--mantine-color-secondary-light-color: var(--mantine-color-secondary-3);--mantine-color-secondary-outline: var(--mantine-color-secondary-4);--mantine-color-secondary-outline-hover: rgba(156, 135, 115, 0.05);}:root[data-mantine-color-scheme="light"]{--mantine-color-anchor: var(--mantine-color-primary-6);--mantine-color-primary-text: var(--mantine-color-primary-filled);--mantine-color-primary-filled: var(--mantine-color-primary-6);--mantine-color-primary-filled-hover: var(--mantine-color-primary-7);--mantine-color-primary-light: rgba(98, 102, 147, 0.1);--mantine-color-primary-light-hover: rgba(98, 102, 147, 0.12);--mantine-color-primary-light-color: var(--mantine-color-primary-6);--mantine-color-primary-outline: var(--mantine-color-primary-6);--mantine-color-primary-outline-hover: rgba(98, 102, 147, 0.05);--mantine-color-secondary-text: var(--mantine-color-secondary-filled);--mantine-color-secondary-filled: var(--mantine-color-secondary-6);--mantine-color-secondary-filled-hover: var(--mantine-color-secondary-7);--mantine-color-secondary-light: rgba(120, 98, 86, 0.1);--mantine-color-secondary-light-hover: rgba(120, 98, 86, 0.12);--mantine-color-secondary-light-color: var(--mantine-color-secondary-6);--mantine-color-secondary-outline: var(--mantine-color-secondary-6);--mantine-color-secondary-outline-hover: rgba(120, 98, 86, 0.05);}
  </style>
  <style
    data-mantine-styles="classes"
  >
    @media (max-width: 35.99375em) {.mantine-visible-from-xs {display: none !important;}}@media (min-width: 36em) {.mantine-hidden-from-xs {display: none !important;}}@media (max-width: 47.99375em) {.mantine-visible-from-sm {display: none !important;}}@media (min-width: 48em) {.mantine-hidden-from-sm {display: none !important;}}@media (max-width: 61.99375em) {.mantine-visible-from-md {display: none !important;}}@media (min-width: 62em) {.mantine-hidden-from-md {display: none !important;}}@media (max-width: 74.99375em) {.mantine-visible-from-lg {display: none !important;}}@media (min-width: 75em) {.mantine-hidden-from-lg {display: none !important;}}@media (max-width: 87.99375em) {.mantine-visible-from-xl {display: none !important;}}@media (min-width: 88em) {.mantine-hidden-from-xl {display: none !important;}}
  </style>
  <div
    class="m_71ac47fc mantine-AspectRatio-root"
    style="--ar-ratio: 1;"
  >
    <button
      class="mantine-focus-auto _iconButton_57bad1 m_87cf2631 mantine-UnstyledButton-root"
      type="button"
    >
      <svg
        class="tabler-icon tabler-icon-home "
        fill="none"
        height="24"
        stroke="currentColor"
        stroke-linecap="round"
        stroke-linejoin="round"
        stroke-width="2"
        viewBox="0 0 24 24"
        width="24"
        xmlns="http://www.w3.org/2000/svg"
      >
        <path
          d="M5 12l-2 0l9 -9l9 9l-2 0"
        />
        <path
          d="M5 12v7a2 2 0 0 0 2 2h10a2 2 0 0 0 2 -2v-7"
        />
        <path
          d="M9 21v-6a2 2 0 0 1 2 -2h2a2 2 0 0 1 2 2v6"
        />
      </svg>
    </button>
  </div>
</div>
`;
